90 323 696 719 134 187 424 359 412 513 38 177 491 538 605 77 85 277 401 555 727 69 760 78 203 310 386 468 485 156 168 279 421 615 902 928 184 656 197 299 846 904 933 934 182 644 647 67 236 577 65 657 806 265 115 506 624 767 825 596 252 227 697 789 833 840 103 842 845 891 354 89 378 407 560 908 128 919 989 996 
-1
