263 86 358 387 457 525 852 142 576 644 649 313 849 877 908 929 210 201 245 90 353 669 102 83 560 191 594 902 10 128 253 393 598 37 80 197 38 392 773 785 332 474 121 159 635 834 616 199 77 241 659 726 824 858 573 57 589 591 707 69 111 203 70 485 512 592 712 721 723 762 259 43 615 923 930 944 200 252 962 75 613 658 882 31 72 588 911 966 94 66 401 501 502 799 928 324 417 108 129 221 418 475 787 190 348 831 832 939 298 456 565 577 810 280 374 537 690 737 885 219 282 132 223 730 936 958 131 807 868 892 6 394 225 336 482 701 914 208 461 497 698 711 842 46 296 360 299 397 486 861 731 772 802 87 168 660 873 895 927 972 974 487 4 153 650 867 876 988 991 998 
-1
