299 130 223 373 607 30 386 636 654 49 123 577 157 724 5 224 405 418 608 795 844 885 499 623 177 214 241 263 291 630 690 785 789 811 174 111 140 115 270 324 714 826 849 920 449 711 533 642 777 351 676 803 818 438 729 774 824 12 940 944 959 21 39 188 26 272 353 342 371 414 97 139 326 415 427 507 755 271 518 641 293 365 100 406 883 887 888 975 583 44 265 611 125 343 476 538 181 262 79 474 719 50 64 282 317 634 264 445 704 833 520 456 22 23 59 397 655 767 156 444 546 269 801 813 835 879 893 310 886 896 247 753 285 381 423 679 821 827 73 877 16 199 86 169 331 570 907 962 216 440 726 349 475 757 798 791 809 836 993 999 
-1
