14 45 13 512 164 552 609 650 322 523 847 869 884 28 34 49 317 644 31 61 152 173 709 405 433 586 860 136 944 951 157 41 600 294 798 252 611 791 837 925 927 939 155 242 355 752 799 139 153 346 543 608 90 612 177 220 500 547 133 698 701 778 784 945 947 504 5 622 111 643 766 184 290 881 328 540 795 137 204 424 831 161 241 503 895 906 919 583 426 549 590 599 684 886 982 987 29 589 333 395 15 308 383 401 786 830 843 948 991 994 
-1
