430 50 525 77 314 609 931 31 347 104 164 454 343 458 516 443 709 452 740 768 359 850 908 462 572 554 596 620 949 969 
-1
