374 623 62 663 678 124 576 7 169 575 660 721 761 791 804 265 694 26 723 959 
-1
