488 651 613 197 343 578 647 714 764 888 92 576 589 78 93 245 423 471 643 753 102 146 563 744 231 126 158 220 550 810 815 834 844 849 969 6 551 175 487 559 229 422 681 833 124 285 186 313 710 755 113 180 463 513 770 893 673 21 553 725 889 139 416 182 451 464 28 823 960 978 99 87 277 330 264 286 497 70 140 108 221 508 530 535 667 945 982 986 998 20 76 298 426 684 733 493 562 596 253 592 624 776 801 420 909 985 171 194 500 394 408 593 704 29 347 584 715 79 90 206 103 405 273 116 295 340 358 270 362 484 178 425 141 271 303 459 461 176 501 638 762 831 910 297 329 745 862 971 997 1000 
-1
