73 389 550 351 52 119 124 319 454 363 545 632 536 597 669 737 752 881 916 656 337 720 618 323 637 268 915 2 422 795 923 935 135 529 649 704 742 882 103 111 368 78 354 45 109 44 58 99 539 592 606 398 551 106 558 591 609 650 308 819 837 885 788 159 79 181 199 397 847 391 874 924 955 957 201 219 89 587 676 829 859 498 30 126 830 938 95 376 712 948 708 527 610 872 349 616 622 196 3 225 253 282 444 362 445 473 686 781 647 316 59 395 511 29 105 310 513 621 628 163 629 747 815 901 949 960 402 469 651 237 35 138 586 516 662 751 845 876 910 997 
-1
