105 432 475 548 657 838 433 560 263 36 103 91 223 466 557 646 706 785 917 953 612 695 906 521 257 314 347 104 445 654 957 982 137 322 357 2 9 328 420 717 336 530 598 48 701 845 870 213 251 290 23 64 488 589 658 781 871 889 861 895 93 891 78 122 634 49 372 360 367 489 639 731 765 54 61 481 503 703 867 880 136 603 888 908 936 945 983 81 330 88 57 109 200 296 390 440 281 929 949 992 
-1
