38 161 47 221 640 784 819 235 405 644 692 715 743 227 482 642 813 273 614 764 802 817 859 867 188 212 417 476 635 702 736 744 850 242 185 213 322 327 619 713 880 900 934 961 130 760 120 254 770 906 966 991 45 93 123 37 495 74 573 449 502 596 851 77 515 126 339 508 528 871 885 265 454 108 480 897 615 941 95 433 875 362 893 146 434 572 883 939 953 998 
-1
