103 644 703 728 342 501 816 982 605 679 76 91 537 564 700 75 714 768 883 370 2 916 931 940 77 434 494 613 480 627 170 694 846 888 234 174 639 891 951 993 
-1
