670 412 413 166 553 695 785 39 384 837 223 866 108 167 885 920 945 947 247 716 647 147 482 316 524 795 796 914 937 967 978 195 776 782 823 49 74 172 379 821 833 66 202 77 539 558 44 311 437 546 706 752 850 851 112 364 279 485 176 438 468 533 541 107 180 189 423 199 227 272 478 589 884 932 957 991 43 144 213 493 972 992 590 344 824 310 175 331 448 122 280 427 698 390 333 445 594 612 881 526 329 418 557 610 374 661 85 103 232 301 761 777 801 59 428 500 431 686 174 797 832 911 913 940 994 576 216 417 635 393 396 187 297 548 306 675 694 877 31 956 995 251 383 349 559 634 754 786 95 129 205 602 17 617 82 758 893 939 130 632 779 136 825 238 4 389 118 487 532 688 735 775 304 579 476 508 704 73 463 495 753 828 156 644 783 831 888 901 281 527 50 21 268 517 641 935 958 962 965 998 
-1
