164 239 402 431 711 115 322 499 611 778 879 895 154 274 101 121 272 421 554 406 182 494 590 766 617 605 615 664 668 813 892 54 751 318 430 828 905 961 224 349 517 712 734 523 104 536 108 658 714 563 61 644 874 965 966 314 374 401 492 722 142 279 675 68 638 74 540 721 284 205 262 553 214 133 475 516 803 952 211 166 382 760 955 958 347 926 946 959 690 122 70 412 247 266 260 452 470 86 317 491 161 344 556 571 774 383 134 535 738 44 629 24 56 289 331 400 410 90 466 497 641 713 861 920 263 178 288 230 442 187 472 850 329 373 891 962 969 4 592 51 257 506 642 204 165 52 319 330 40 105 229 417 635 700 736 387 375 440 460 531 309 569 765 124 95 135 685 103 469 824 825 424 197 598 659 917 973 974 96 336 364 19 175 252 414 479 576 981 989 992 
-1
