583 541 737 266 496 83 100 392 580 607 812 201 731 745 641 174 654 774 915 154 241 507 5 150 365 755 926 438 455 185 216 334 623 951 77 280 263 569 179 257 330 568 621 656 800 261 303 901 525 570 596 121 614 718 521 558 859 291 691 372 67 471 799 24 358 417 601 118 16 149 187 752 856 117 454 577 742 834 909 937 943 97 492 536 624 274 300 390 602 670 707 719 751 64 383 487 335 564 839 949 983 302 61 381 513 560 427 870 543 722 550 585 793 474 840 284 878 933 991 1000 
-1
