110 428 468 3 300 637 760 56 166 39 136 396 555 640 818 605 608 724 309 143 501 104 526 647 752 199 446 834 518 249 794 899 111 123 125 901 558 678 639 135 190 545 673 731 70 744 185 117 198 68 298 358 51 360 413 464 800 862 925 950 
-1
