256 772 258 293 527 614 304 533 563 79 135 488 540 691 739 514 653 731 793 798 932 670 679 705 59 106 365 181 388 395 92 469 640 784 392 279 330 374 436 776 24 629 880 920 956 158 15 118 301 585 610 42 240 482 627 681 530 744 919 100 338 715 404 65 345 520 788 803 941 967 
-1
