593 113 168 276 206 279 336 71 693 785 28 398 529 267 504 730 791 894 657 670 69 306 323 345 16 185 404 598 731 984 263 568 123 579 217 222 460 494 43 574 671 235 901 948 162 530 622 778 979 998 
-1
