181 74 325 693 107 570 883 609 749 920 21 248 465 772 228 798 472 114 739 764 901 969 335 83 301 524 549 612 654 826 113 135 279 860 890 44 651 125 298 528 583 671 675 942 407 573 147 225 659 506 885 915 966 977 987 204 82 226 365 456 689 594 80 526 621 683 101 657 447 590 709 721 803 805 458 825 758 845 346 351 431 487 636 852 910 939 954 990 8 89 463 620 31 227 448 832 342 492 213 714 842 899 928 308 773 102 178 265 498 514 841 935 142 165 503 673 65 737 816 370 383 474 702 862 436 628 731 878 983 997 
-1
