669 224 344 796 74 101 277 390 256 388 465 508 598 829 281 112 425 544 762 820 831 875 924 960 168 192 404 632 286 268 483 378 587 754 794 896 927 236 631 847 961 974 318 244 298 471 562 17 129 222 535 658 712 817 978 533 57 151 645 715 260 91 284 451 10 218 530 660 720 737 804 45 183 197 216 161 385 738 934 969 664 8 310 436 716 760 166 15 432 597 651 816 194 842 42 176 228 186 274 358 456 534 536 886 34 117 308 399 419 203 247 90 564 600 165 617 634 231 243 643 70 291 428 551 803 642 885 30 341 81 328 481 52 552 812 936 943 88 570 584 383 77 296 303 589 699 326 761 776 413 94 359 422 800 822 127 31 781 922 938 684 644 725 520 575 577 745 808 66 519 239 460 542 546 878 942 964 985 989 996 
-1
